No errors. It's wooorking ;D